exports[`test strings.js 1`] = `
"[
  \"abc\",
  \'abc\',

  \'\\\'\',

  \'\"\',
  \'\\\"\',
  \'\\\\\"\',

  \"\'\",
  \"\\\'\",
  \"\\\\\'\",

  \"\'\\\"\",
  \'\\\'\"\',

  \'\\\\\',
  \"\\\\\",

  \'\\0\',
  \'üê∂\',

  \'\\uD801\\uDC28\',
];
~~~~~~~~~~~~~~~~~~~~~~~~~~~~~~~~~~~~~~~~~~~~~~~~~~~~~~~~~~~~~~~~~~~~~~~~~~~~~~~~
[
  \"abc\",
  \"abc\",
  \"\'\",
  \'\"\',
  \'\\\"\',
  \'\\\\\"\',
  \"\'\",
  \"\\\'\",
  \"\\\\\'\",
  \"\'\\\"\",
  \"\'\\\"\",
  \"\\\\\",
  \"\\\\\",
  \"\\0\",
  \"üê∂\",
  \"\\uD801\\uDC28\"
];
"
`;
